// Vitest Snapshot v1, https://vitest.dev/guide/snapshot.html

exports[`ProductDetail > Render UI ProductDetail 1`] = `
<body>
  <div>
    <div>
      <div
        class="pb-5 pt-2"
      >
        <div
          class="container"
        >
          <div
            class="flex justify-end"
          >
            <div
              class="flex cursor-pointer items-center py-1 hover:text-orange-700/70"
            >
              <svg
                class="h-6 w-6"
                fill="none"
                stroke="currentColor"
                stroke-width="1.5"
                viewBox="0 0 24 24"
                xmlns="http://www.w3.org/2000/svg"
              >
                <path
                  d="M12 21a9.004 9.004 0 008.716-6.747M12 21a9.004 9.004 0 01-8.716-6.747M12 21c2.485 0 4.5-4.03 4.5-9S14.485 3 12 3m0 18c-2.485 0-4.5-4.03-4.5-9S9.515 3 12 3m0 0a8.997 8.997 0 017.843 4.582M12 3a8.997 8.997 0 00-7.843 4.582m15.686 0A11.953 11.953 0 0112 10.5c-2.998 0-5.74-1.1-7.843-2.918m15.686 0A8.959 8.959 0 0121 12c0 .778-.099 1.533-.284 2.253m0 0A17.919 17.919 0 0112 16.5c-3.162 0-6.133-.815-8.716-2.247m0 0A9.015 9.015 0 013 12c0-1.605.42-3.113 1.157-4.418"
                  stroke-linecap="round"
                  stroke-linejoin="round"
                />
              </svg>
              <span
                class="mx-1"
              >
                English
              </span>
              <svg
                class="h-6 w-6"
                fill="none"
                stroke="currentColor"
                stroke-width="1.5"
                viewBox="0 0 24 24"
                xmlns="http://www.w3.org/2000/svg"
              >
                <path
                  d="M19.5 8.25l-7.5 7.5-7.5-7.5"
                  stroke-linecap="round"
                  stroke-linejoin="round"
                />
              </svg>
            </div>
            <div
              class="flex items-center"
            >
              <a
                class="hover:text-orange/70 mx-3 capitalize"
                href="/register"
              >
                Register
              </a>
              <div
                class="h-4 border-r-[1px] border-r-white/40"
              />
              <a
                class="hover:text-orange/70 mx-3 capitalize"
                href="/login"
              >
                Login
              </a>
            </div>
          </div>
          <div
            class="mt-4 grid grid-cols-12 items-end gap-4"
          >
            <a
              class="col-span-2"
              href="/"
            >
              <img
                alt="logo"
                class="h-8 lg:h-11"
                src="https://tonda.qodeinteractive.com/wp-content/uploads/2018/03/logo-header-1.png"
              />
            </a>
            <form
              class="col-span-9 border border-gray-400 bg-transparent"
            >
              <div
                class="flex rounded-sm p-1"
              >
                <input
                  class="flex-grow border-none bg-transparent px-3 py-2  outline-none"
                  name="name"
                  placeholder="Search..."
                  type="text"
                />
                <button
                  class="bg-orange flex-shrink rounded-sm px-6 py-2 hover:opacity-90"
                >
                  <svg
                    class="h-6 w-6"
                    fill="none"
                    stroke="currentColor"
                    stroke-width="1.5"
                    viewBox="0 0 24 24"
                    xmlns="http://www.w3.org/2000/svg"
                  >
                    <path
                      d="M21 21l-5.197-5.197m0 0A7.5 7.5 0 105.196 5.196a7.5 7.5 0 0010.607 10.607z"
                      stroke-linecap="round"
                      stroke-linejoin="round"
                    />
                  </svg>
                </button>
              </div>
            </form>
            <div
              class="col-span-1 justify-self-end"
            >
              <div>
                <a
                  class="relative"
                  href="/cart"
                >
                  <svg
                    class="h-6 w-6"
                    fill="none"
                    stroke="currentColor"
                    stroke-width="1.5"
                    viewBox="0 0 24 24"
                    xmlns="http://www.w3.org/2000/svg"
                  >
                    <path
                      d="M2.25 3h1.386c.51 0 .955.343 1.087.835l.383 1.437M7.5 14.25a3 3 0 00-3 3h15.75m-12.75-3h11.218c1.121-2.3 2.1-4.684 2.924-7.138a60.114 60.114 0 00-16.536-1.84M7.5 14.25L5.106 5.272M6 20.25a.75.75 0 11-1.5 0 .75.75 0 011.5 0zm12.75 0a.75.75 0 11-1.5 0 .75.75 0 011.5 0z"
                      stroke-linecap="round"
                      stroke-linejoin="round"
                    />
                  </svg>
                </a>
              </div>
            </div>
          </div>
        </div>
      </div>
      <footer
        class="bg-neutral-100 py-16"
      />
    </div>
    <div
      class="Toastify"
    />
  </div>
  <div
    data-floating-ui-portal=""
    id=":r0:"
  />
  <div
    data-floating-ui-portal=""
    id=":r2:"
  />
</body>
`;
